{
    "homo_sapiens - stub": {
        "content": [
            {
                "0": [
                    [
                        {
                            "id": "test",
                            "strandedness": "forward"
                        },
                        "test.genes.results:md5,d41d8cd98f00b204e9800998ecf8427e"
                    ]
                ],
                "1": [
                    [
                        {
                            "id": "test",
                            "strandedness": "forward"
                        },
                        "test.isoforms.results:md5,d41d8cd98f00b204e9800998ecf8427e"
                    ]
                ],
                "10": [
                    [
                        {
                            "id": "test",
                            "strandedness": "forward"
                        },
                        "test.stats:md5,d41d8cd98f00b204e9800998ecf8427e"
                    ]
                ],
                "11": [
                    [
                        {
                            "id": "test",
                            "strandedness": "forward"
                        },
                        "test.flagstat:md5,d41d8cd98f00b204e9800998ecf8427e"
                    ]
                ],
                "12": [
                    [
                        {
                            "id": "test",
                            "strandedness": "forward"
                        },
                        "test.idxstats:md5,d41d8cd98f00b204e9800998ecf8427e"
                    ]
                ],
                "13": [
                    "rsem.merged.gene_counts.tsv:md5,d41d8cd98f00b204e9800998ecf8427e"
                ],
                "14": [
                    "rsem.merged.gene_tpm.tsv:md5,d41d8cd98f00b204e9800998ecf8427e"
                ],
                "15": [
                    "rsem.merged.transcript_counts.tsv:md5,d41d8cd98f00b204e9800998ecf8427e"
                ],
                "16": [
                    "rsem.merged.transcript_tpm.tsv:md5,d41d8cd98f00b204e9800998ecf8427e"
                ],
                "17": [
                    "versions.yml:md5,0f2bbea6c0412d2b185eab2dd0db06d5",
                    "versions.yml:md5,2a8e04c552c56aacc9a2d158fbc23a89",
                    "versions.yml:md5,2aa5252eb2ffb409cf556a165d40f8a9",
                    "versions.yml:md5,7696e625e0eda9d9ae30c8d5b3d23d9f",
                    "versions.yml:md5,ae1676b60b6335fff8f1188288103a1c",
                    "versions.yml:md5,f151349bd7086cb08134496033e78cea",
                    "versions.yml:md5,ff8adbe60177b3dba23d91b3424b10b6"
                ],
                "2": [
                    [
                        {
                            "id": "test",
                            "strandedness": "forward"
                        },
                        "test.stat:md5,d41d8cd98f00b204e9800998ecf8427e"
                    ]
                ],
                "3": [
                    [
                        {
                            "id": "test",
                            "strandedness": "forward"
                        },
                        "test.log:md5,d41d8cd98f00b204e9800998ecf8427e"
                    ]
                ],
                "4": [
                    [
                        {
                            "id": "test",
                            "strandedness": "forward"
                        },
                        "test.STAR.genome.bam:md5,d41d8cd98f00b204e9800998ecf8427e"
                    ]
                ],
                "5": [
                    [
                        {
                            "id": "test",
                            "strandedness": "forward"
                        },
                        "test.genome.bam:md5,d41d8cd98f00b204e9800998ecf8427e"
                    ]
                ],
                "6": [
                    [
                        {
                            "id": "test",
                            "strandedness": "forward"
                        },
                        "test.transcript.bam:md5,d41d8cd98f00b204e9800998ecf8427e"
                    ]
                ],
                "7": [
                    [
                        {
                            "id": "test",
                            "strandedness": "forward"
                        },
                        "test.bam:md5,d41d8cd98f00b204e9800998ecf8427e"
                    ]
                ],
                "8": [
                    [
                        {
                            "id": "test",
                            "strandedness": "forward"
                        },
                        "test.bam.bai:md5,d41d8cd98f00b204e9800998ecf8427e"
                    ]
                ],
                "9": [
                    
                ],
                "bai": [
                    [
                        {
                            "id": "test",
                            "strandedness": "forward"
                        },
                        "test.bam.bai:md5,d41d8cd98f00b204e9800998ecf8427e"
                    ]
                ],
                "bam": [
                    [
                        {
                            "id": "test",
                            "strandedness": "forward"
                        },
                        "test.bam:md5,d41d8cd98f00b204e9800998ecf8427e"
                    ]
                ],
                "bam_genome": [
                    [
                        {
                            "id": "test",
                            "strandedness": "forward"
                        },
                        "test.genome.bam:md5,d41d8cd98f00b204e9800998ecf8427e"
                    ]
                ],
                "bam_star": [
                    [
                        {
                            "id": "test",
                            "strandedness": "forward"
                        },
                        "test.STAR.genome.bam:md5,d41d8cd98f00b204e9800998ecf8427e"
                    ]
                ],
                "bam_transcript": [
                    [
                        {
                            "id": "test",
                            "strandedness": "forward"
                        },
                        "test.transcript.bam:md5,d41d8cd98f00b204e9800998ecf8427e"
                    ]
                ],
                "counts_gene": [
                    [
                        {
                            "id": "test",
                            "strandedness": "forward"
                        },
                        "test.genes.results:md5,d41d8cd98f00b204e9800998ecf8427e"
                    ]
                ],
                "counts_transcript": [
                    [
                        {
                            "id": "test",
                            "strandedness": "forward"
                        },
                        "test.isoforms.results:md5,d41d8cd98f00b204e9800998ecf8427e"
                    ]
                ],
                "csi": [
                    
                ],
                "flagstat": [
                    [
                        {
                            "id": "test",
                            "strandedness": "forward"
                        },
                        "test.flagstat:md5,d41d8cd98f00b204e9800998ecf8427e"
                    ]
                ],
                "idxstats": [
                    [
                        {
                            "id": "test",
                            "strandedness": "forward"
                        },
                        "test.idxstats:md5,d41d8cd98f00b204e9800998ecf8427e"
                    ]
                ],
                "logs": [
                    [
                        {
                            "id": "test",
                            "strandedness": "forward"
                        },
                        "test.log:md5,d41d8cd98f00b204e9800998ecf8427e"
                    ]
                ],
                "merged_counts_gene": [
                    "rsem.merged.gene_counts.tsv:md5,d41d8cd98f00b204e9800998ecf8427e"
                ],
                "merged_counts_transcript": [
                    "rsem.merged.transcript_counts.tsv:md5,d41d8cd98f00b204e9800998ecf8427e"
                ],
                "merged_tpm_gene": [
                    "rsem.merged.gene_tpm.tsv:md5,d41d8cd98f00b204e9800998ecf8427e"
                ],
                "merged_tpm_transcript": [
                    "rsem.merged.transcript_tpm.tsv:md5,d41d8cd98f00b204e9800998ecf8427e"
                ],
                "stat": [
                    [
                        {
                            "id": "test",
                            "strandedness": "forward"
                        },
                        "test.stat:md5,d41d8cd98f00b204e9800998ecf8427e"
                    ]
                ],
                "stats": [
                    [
                        {
                            "id": "test",
                            "strandedness": "forward"
                        },
                        "test.stats:md5,d41d8cd98f00b204e9800998ecf8427e"
                    ]
                ],
                "versions": [
                    "versions.yml:md5,0f2bbea6c0412d2b185eab2dd0db06d5",
                    "versions.yml:md5,2a8e04c552c56aacc9a2d158fbc23a89",
                    "versions.yml:md5,2aa5252eb2ffb409cf556a165d40f8a9",
                    "versions.yml:md5,7696e625e0eda9d9ae30c8d5b3d23d9f",
                    "versions.yml:md5,ae1676b60b6335fff8f1188288103a1c",
                    "versions.yml:md5,f151349bd7086cb08134496033e78cea",
                    "versions.yml:md5,ff8adbe60177b3dba23d91b3424b10b6"
                ]
            }
        ],
        "meta": {
            "nf-test": "0.9.0",
            "nextflow": "24.04.4"
        },
        "timestamp": "2024-10-21T14:49:44.270456428"
    },
    "homo_sapiens": {
        "content": [
            "test.log",
            [
                [
                    {
                        "id": "test",
                        "strandedness": "forward"
                    },
                    "test.genes.results:md5,c7ec226f76736ea805771e73553ae359"
                ]
            ],
            [
                [
                    {
                        "id": "test",
                        "strandedness": "forward"
                    },
                    "test.isoforms.results:md5,99f7f80aa505b44ca429fdebbd7dd5d8"
                ]
            ],
            [
                [
                    {
                        "id": "test",
                        "strandedness": "forward"
                    },
                    [
                        "test.cnt:md5,76249e6b2f3c104f414aae596ba2c2f4",
                        "test.model:md5,a7a4bc1734918ef5848604e3362b83e2",
                        "test.theta:md5,de2e4490c98cc5383a86ae8225fd0a28"
                    ]
                ]
            ],
            [
                
            ],
            [
                
            ],
            [
                [
                    {
                        "id": "test",
                        "strandedness": "forward"
                    },
                    "test.transcript.bam:md5,ed681d39f5700ffc74d6321525330d93"
                ]
            ],
            [
                [
                    {
                        "id": "test",
                        "strandedness": "forward"
                    },
                    "test.isoforms.results:md5,99f7f80aa505b44ca429fdebbd7dd5d8"
                ]
            ],
            [
                
            ],
            [
                
            ],
            [
                
            ],
            [
                
            ],
            [
                
            ],
            [
                
            ],
            [
                "rsem.merged.gene_counts.tsv:md5,f3b586000c97c89aec45360772e73df1"
            ],
            [
                "rsem.merged.gene_tpm.tsv:md5,e6ae3dfa9913a7c15b705ec27c376212"
            ],
            [
                "rsem.merged.transcript_counts.tsv:md5,235c002b811360183494a2aac74d1f5b"
            ],
            [
                "rsem.merged.transcript_tpm.tsv:md5,d38f22667e3b8012f1d783b8d5159ccc"
            ],
            [
                "versions.yml:md5,2aa5252eb2ffb409cf556a165d40f8a9",
                "versions.yml:md5,ae1676b60b6335fff8f1188288103a1c"
            ]
        ],
        "meta": {
            "nf-test": "0.8.4",
            "nextflow": "24.04.2"
        },
        "timestamp": "2024-07-03T19:53:14.561568"
    }
}