{
    "star - with igenomes": {
        "content": [
            "test.Log.final.out",
            "test.Log.out",
            [
                [
                    {
                        "id": "test",
                        "single_end": false
                    },
                    "test.bam.bai:md5,4cf31974d82bed533f4b6528dff95b50"
                ]
            ],
            [
                [
                    {
                        "id": "test",
                        "single_end": false
                    },
                    "test.bam:md5,7137528dd300c4ae0f7e3370a5555c79"
                ]
            ],
            [
                [
                    {
                        "id": "test",
                        "single_end": false
                    },
                    "test.Aligned.sortedByCoord.out.bam:md5,b6cec9bba6b04b9b92eddbef128bdfbb"
                ]
            ],
            [
                
            ],
            [
                
            ],
            [
                [
                    {
                        "id": "test",
                        "single_end": false
                    },
                    "test.Log.progress.out:md5,b2bd061d6cbaaf3d6d3b1fed547f69b8"
                ]
            ],
            [
                
            ],
            [
                [
                    {
                        "id": "test",
                        "single_end": false
                    },
                    "test.flagstat:md5,db0e25cd0b37d3030e807846c022199e"
                ]
            ],
            [
                [
                    {
                        "id": "test",
                        "single_end": false
                    },
                    "test.idxstats:md5,107ca94dd426cc44db316f0d402307c5"
                ]
            ],
            [
                [
                    {
                        "id": "test",
                        "single_end": false
                    },
                    "test.Aligned.sortedByCoord.out.bam:md5,b6cec9bba6b04b9b92eddbef128bdfbb"
                ]
            ],
            [
                [
                    {
                        "id": "test",
                        "single_end": false
                    },
                    "test.stats:md5,bad7f610455554f5523eb1ae58ab7afe"
                ]
            ],
            [
                [
                    {
                        "id": "test",
                        "single_end": false
                    },
                    "test.SJ.out.tab:md5,844af19ab0fc8cd9a3f75228445aca0d"
                ]
            ],
            [
                "versions.yml:md5,5ad5e88ee4e52ccabeef61dcd368d30b",
                "versions.yml:md5,92f25606f0ee994dac8c00fe49676e5a",
                "versions.yml:md5,9611f602102b5aed0fe2b947f9d2270c",
                "versions.yml:md5,b92d6ad60847882b0089f551c5cfc366",
                "versions.yml:md5,d5e8b4d761dd85a303814239077bd666",
                "versions.yml:md5,e3b043ba840d5bddde92f0bf1c91a5fc"
            ]
        ],
        "meta": {
            "nf-test": "0.9.0",
            "nextflow": "24.04.4"
        },
        "timestamp": "2024-10-21T14:53:32.322441137"
    },
    "star - no igenomes - stub": {
        "content": [
            [
                [
                    {
                        "id": "test",
                        "single_end": false
                    },
                    "test.bam.bai:md5,d41d8cd98f00b204e9800998ecf8427e"
                ]
            ],
            [
                [
                    {
                        "id": "test",
                        "single_end": false
                    },
                    "test.bam:md5,d41d8cd98f00b204e9800998ecf8427e"
                ]
            ],
            [
                [
                    {
                        "id": "test",
                        "single_end": false
                    },
                    "test.sortedByCoord.out.bam:md5,d41d8cd98f00b204e9800998ecf8427e"
                ]
            ],
            [
                [
                    {
                        "id": "test",
                        "single_end": false
                    },
                    "test.toTranscriptome.out.bam:md5,d41d8cd98f00b204e9800998ecf8427e"
                ]
            ],
            [
                
            ],
            [
                [
                    {
                        "id": "test",
                        "single_end": false
                    },
                    "test.flagstat:md5,d41d8cd98f00b204e9800998ecf8427e"
                ]
            ],
            [
                [
                    {
                        "id": "test",
                        "single_end": false
                    },
                    "test.idxstats:md5,d41d8cd98f00b204e9800998ecf8427e"
                ]
            ],
            [
                [
                    {
                        "id": "test",
                        "single_end": false
                    },
                    "test.Log.final.out:md5,d41d8cd98f00b204e9800998ecf8427e"
                ]
            ],
            [
                [
                    {
                        "id": "test",
                        "single_end": false
                    },
                    "test.Log.out:md5,d41d8cd98f00b204e9800998ecf8427e"
                ]
            ],
            [
                [
                    {
                        "id": "test",
                        "single_end": false
                    },
                    "test.Log.progress.out:md5,d41d8cd98f00b204e9800998ecf8427e"
                ]
            ],
            [
                [
                    {
                        "id": "test",
                        "single_end": false
                    },
                    [
                        "test.Aligned.sortedByCoord.out.bam:md5,d41d8cd98f00b204e9800998ecf8427e",
                        "test.sortedByCoord.out.bam:md5,d41d8cd98f00b204e9800998ecf8427e",
                        "testXd.out.bam:md5,d41d8cd98f00b204e9800998ecf8427e"
                    ]
                ]
            ],
            [
                [
                    {
                        "id": "test",
                        "single_end": false
                    },
                    "test.stats:md5,d41d8cd98f00b204e9800998ecf8427e"
                ]
            ],
            [
                [
                    {
                        "id": "test",
                        "single_end": false
                    },
                    [
                        "test.ReadsPerGene.out.tab:md5,d41d8cd98f00b204e9800998ecf8427e",
                        "test.SJ.out.tab:md5,d41d8cd98f00b204e9800998ecf8427e",
                        "test.tab:md5,d41d8cd98f00b204e9800998ecf8427e"
                    ]
                ]
            ],
            [
                "versions.yml:md5,5ad5e88ee4e52ccabeef61dcd368d30b",
                "versions.yml:md5,708098dd31c984730b066ead621a33f7",
                "versions.yml:md5,92f25606f0ee994dac8c00fe49676e5a",
                "versions.yml:md5,9611f602102b5aed0fe2b947f9d2270c",
                "versions.yml:md5,b92d6ad60847882b0089f551c5cfc366",
                "versions.yml:md5,d5e8b4d761dd85a303814239077bd666"
            ]
        ],
        "meta": {
            "nf-test": "0.9.0",
            "nextflow": "24.04.4"
        },
        "timestamp": "2024-10-21T20:42:29.835710637"
    },
    "star - no igenomes": {
        "content": [
            "test.Log.final.out",
            "test.Log.out",
            [
                [
                    {
                        "id": "test",
                        "single_end": false
                    },
                    "test.bam.bai:md5,59e8552f0e50c540d41198496bf34251"
                ]
            ],
            [
                [
                    {
                        "id": "test",
                        "single_end": false
                    },
                    "test.bam:md5,0d47a5f971c1548eadc1f3c39dab0dbf"
                ]
            ],
            [
                
            ],
            [
                
            ],
            [
                
            ],
            [
                [
                    {
                        "id": "test",
                        "single_end": false
                    },
                    "test.Log.progress.out:md5,b2bd061d6cbaaf3d6d3b1fed547f69b8"
                ]
            ],
            [
                
            ],
            [
                [
                    {
                        "id": "test",
                        "single_end": false
                    },
                    "test.flagstat:md5,db0e25cd0b37d3030e807846c022199e"
                ]
            ],
            [
                [
                    {
                        "id": "test",
                        "single_end": false
                    },
                    "test.idxstats:md5,107ca94dd426cc44db316f0d402307c5"
                ]
            ],
            [
                [
                    {
                        "id": "test",
                        "single_end": false
                    },
                    "test.Aligned.sortedByCoord.out.bam:md5,4e917b4befbbe216fd666d06af0298af"
                ]
            ],
            [
                [
                    {
                        "id": "test",
                        "single_end": false
                    },
                    "test.stats:md5,bad7f610455554f5523eb1ae58ab7afe"
                ]
            ],
            [
                [
                    {
                        "id": "test",
                        "single_end": false
                    },
                    "test.SJ.out.tab:md5,844af19ab0fc8cd9a3f75228445aca0d"
                ]
            ],
            [
                "versions.yml:md5,5ad5e88ee4e52ccabeef61dcd368d30b",
                "versions.yml:md5,708098dd31c984730b066ead621a33f7",
                "versions.yml:md5,92f25606f0ee994dac8c00fe49676e5a",
                "versions.yml:md5,9611f602102b5aed0fe2b947f9d2270c",
                "versions.yml:md5,b92d6ad60847882b0089f551c5cfc366",
                "versions.yml:md5,d5e8b4d761dd85a303814239077bd666"
            ]
        ],
        "meta": {
            "nf-test": "0.9.0",
            "nextflow": "24.04.4"
        },
        "timestamp": "2024-10-21T20:40:55.299198285"
    },
    "star - with igenomes - stub": {
        "content": [
            [
                [
                    {
                        "id": "test",
                        "single_end": false
                    },
                    "test.bam.bai:md5,d41d8cd98f00b204e9800998ecf8427e"
                ]
            ],
            [
                [
                    {
                        "id": "test",
                        "single_end": false
                    },
                    "test.bam:md5,d41d8cd98f00b204e9800998ecf8427e"
                ]
            ],
            [
                [
                    {
                        "id": "test",
                        "single_end": false
                    },
                    [
                        "test.Aligned.sortedByCoord.out.bam:md5,d41d8cd98f00b204e9800998ecf8427e",
                        "test.sortedByCoord.out.bam:md5,d41d8cd98f00b204e9800998ecf8427e"
                    ]
                ]
            ],
            [
                [
                    {
                        "id": "test",
                        "single_end": false
                    },
                    "test.toTranscriptome.out.bam:md5,d41d8cd98f00b204e9800998ecf8427e"
                ]
            ],
            [
                
            ],
            [
                [
                    {
                        "id": "test",
                        "single_end": false
                    },
                    "test.flagstat:md5,d41d8cd98f00b204e9800998ecf8427e"
                ]
            ],
            [
                [
                    {
                        "id": "test",
                        "single_end": false
                    },
                    "test.idxstats:md5,d41d8cd98f00b204e9800998ecf8427e"
                ]
            ],
            [
                [
                    {
                        "id": "test",
                        "single_end": false
                    },
                    "test.Log.final.out:md5,d41d8cd98f00b204e9800998ecf8427e"
                ]
            ],
            [
                [
                    {
                        "id": "test",
                        "single_end": false
                    },
                    "test.Log.out:md5,d41d8cd98f00b204e9800998ecf8427e"
                ]
            ],
            [
                [
                    {
                        "id": "test",
                        "single_end": false
                    },
                    "test.Log.progress.out:md5,d41d8cd98f00b204e9800998ecf8427e"
                ]
            ],
            [
                [
                    {
                        "id": "test",
                        "single_end": false
                    },
                    [
                        "test.Aligned.sortedByCoord.out.bam:md5,d41d8cd98f00b204e9800998ecf8427e",
                        "test.sortedByCoord.out.bam:md5,d41d8cd98f00b204e9800998ecf8427e",
                        "testXd.out.bam:md5,d41d8cd98f00b204e9800998ecf8427e"
                    ]
                ]
            ],
            [
                [
                    {
                        "id": "test",
                        "single_end": false
                    },
                    "test.stats:md5,d41d8cd98f00b204e9800998ecf8427e"
                ]
            ],
            [
                [
                    {
                        "id": "test",
                        "single_end": false
                    },
                    [
                        "test.ReadsPerGene.out.tab:md5,d41d8cd98f00b204e9800998ecf8427e",
                        "test.SJ.out.tab:md5,d41d8cd98f00b204e9800998ecf8427e",
                        "test.tab:md5,d41d8cd98f00b204e9800998ecf8427e"
                    ]
                ]
            ],
            [
                "versions.yml:md5,5ad5e88ee4e52ccabeef61dcd368d30b",
                "versions.yml:md5,92f25606f0ee994dac8c00fe49676e5a",
                "versions.yml:md5,9611f602102b5aed0fe2b947f9d2270c",
                "versions.yml:md5,b92d6ad60847882b0089f551c5cfc366",
                "versions.yml:md5,d5e8b4d761dd85a303814239077bd666",
                "versions.yml:md5,e3b043ba840d5bddde92f0bf1c91a5fc"
            ]
        ],
        "meta": {
            "nf-test": "0.9.0",
            "nextflow": "24.04.4"
        },
        "timestamp": "2024-10-21T14:54:32.959245404"
    }
}