{
    "Params: --pseudo_aligner salmon --skip_qc --skip_alignment": {
        "content": [
            34,
            {
                "BBMAP_BBSPLIT": {
                    "bbmap": 39.1
                },
                "CAT_FASTQ": {
                    "cat": 9.5
                },
                "CUSTOM_CATADDITIONALFASTA": {
                    "python": "3.12.2"
                },
                "CUSTOM_GETCHROMSIZES": {
                    "getchromsizes": 1.21
                },
                "CUSTOM_TX2GENE": {
                    "python": "3.10.4"
                },
                "FQ_SUBSAMPLE": {
                    "fq": "0.12.0 (2024-07-08)"
                },
                "GTF2BED": {
                    "perl": "5.26.2"
                },
                "GTF_FILTER": {
                    "python": "3.9.5"
                },
                "GUNZIP_ADDITIONAL_FASTA": {
                    "gunzip": 1.1
                },
                "GUNZIP_GTF": {
                    "gunzip": 1.1
                },
                "SALMON_QUANT": {
                    "salmon": "1.10.3"
                },
                "SE_GENE": {
                    "bioconductor-summarizedexperiment": "1.32.0"
                },
                "TRIMGALORE": {
                    "trimgalore": "0.6.10",
                    "cutadapt": 4.9
                },
                "TXIMETA_TXIMPORT": {
                    "bioconductor-tximeta": "1.20.1"
                },
                "UNTAR_SALMON_INDEX": {
                    "untar": 1.34
                },
                "Workflow": {
                    "nf-core/rnaseq": "v3.17.0"
                }
            },
            [
                "bbsplit",
                "bbsplit/RAP1_IAA_30M_REP1.stats.txt",
                "bbsplit/RAP1_UNINDUCED_REP1.stats.txt",
                "bbsplit/RAP1_UNINDUCED_REP2.stats.txt",
                "bbsplit/WT_REP1.stats.txt",
                "bbsplit/WT_REP2.stats.txt",
                "custom",
                "custom/out",
                "custom/out/genome_gfp.fasta",
                "custom/out/genome_gfp.gtf",
                "fastqc",
                "fastqc/trim",
                "fastqc/trim/RAP1_IAA_30M_REP1_trimmed_1_val_1_fastqc.html",
                "fastqc/trim/RAP1_IAA_30M_REP1_trimmed_1_val_1_fastqc.zip",
                "fastqc/trim/RAP1_IAA_30M_REP1_trimmed_2_val_2_fastqc.html",
                "fastqc/trim/RAP1_IAA_30M_REP1_trimmed_2_val_2_fastqc.zip",
                "fastqc/trim/RAP1_UNINDUCED_REP1_trimmed_trimmed_fastqc.html",
                "fastqc/trim/RAP1_UNINDUCED_REP1_trimmed_trimmed_fastqc.zip",
                "fastqc/trim/RAP1_UNINDUCED_REP2_trimmed_trimmed_fastqc.html",
                "fastqc/trim/RAP1_UNINDUCED_REP2_trimmed_trimmed_fastqc.zip",
                "fastqc/trim/WT_REP1_trimmed_1_val_1_fastqc.html",
                "fastqc/trim/WT_REP1_trimmed_1_val_1_fastqc.zip",
                "fastqc/trim/WT_REP1_trimmed_2_val_2_fastqc.html",
                "fastqc/trim/WT_REP1_trimmed_2_val_2_fastqc.zip",
                "fastqc/trim/WT_REP2_trimmed_1_val_1_fastqc.html",
                "fastqc/trim/WT_REP2_trimmed_1_val_1_fastqc.zip",
                "fastqc/trim/WT_REP2_trimmed_2_val_2_fastqc.html",
                "fastqc/trim/WT_REP2_trimmed_2_val_2_fastqc.zip",
                "multiqc",
                "multiqc/multiqc_report.html",
                "multiqc/multiqc_report_data",
                "multiqc/multiqc_report_data/cutadapt_filtered_reads_plot.txt",
                "multiqc/multiqc_report_data/cutadapt_trimmed_sequences_plot_3_Counts.txt",
                "multiqc/multiqc_report_data/cutadapt_trimmed_sequences_plot_3_Obs_Exp.txt",
                "multiqc/multiqc_report_data/fastqc_sequence_length_distribution_plot.txt",
                "multiqc/multiqc_report_data/fastqc_trimmed-status-check-heatmap.txt",
                "multiqc/multiqc_report_data/fastqc_trimmed_overrepresented_sequences_plot.txt",
                "multiqc/multiqc_report_data/fastqc_trimmed_per_base_n_content_plot.txt",
                "multiqc/multiqc_report_data/fastqc_trimmed_per_base_sequence_quality_plot.txt",
                "multiqc/multiqc_report_data/fastqc_trimmed_per_sequence_gc_content_plot_Counts.txt",
                "multiqc/multiqc_report_data/fastqc_trimmed_per_sequence_gc_content_plot_Percentages.txt",
                "multiqc/multiqc_report_data/fastqc_trimmed_per_sequence_quality_scores_plot.txt",
                "multiqc/multiqc_report_data/fastqc_trimmed_sequence_counts_plot.txt",
                "multiqc/multiqc_report_data/fastqc_trimmed_sequence_duplication_levels_plot.txt",
                "multiqc/multiqc_report_data/fastqc_trimmed_top_overrepresented_sequences_table.txt",
                "multiqc/multiqc_report_data/multiqc.log",
                "multiqc/multiqc_report_data/multiqc_citations.txt",
                "multiqc/multiqc_report_data/multiqc_cutadapt.txt",
                "multiqc/multiqc_report_data/multiqc_data.json",
                "multiqc/multiqc_report_data/multiqc_fastqc_fastqc_trimmed.txt",
                "multiqc/multiqc_report_data/multiqc_general_stats.txt",
                "multiqc/multiqc_report_data/multiqc_salmon.txt",
                "multiqc/multiqc_report_data/multiqc_software_versions.txt",
                "multiqc/multiqc_report_data/multiqc_sources.txt",
                "multiqc/multiqc_report_data/salmon_plot.txt",
                "multiqc/multiqc_report_plots",
                "multiqc/multiqc_report_plots/pdf",
                "multiqc/multiqc_report_plots/pdf/cutadapt_filtered_reads_plot-cnt.pdf",
                "multiqc/multiqc_report_plots/pdf/cutadapt_filtered_reads_plot-pct.pdf",
                "multiqc/multiqc_report_plots/pdf/cutadapt_trimmed_sequences_plot_3_Counts.pdf",
                "multiqc/multiqc_report_plots/pdf/cutadapt_trimmed_sequences_plot_3_Obs_Exp.pdf",
                "multiqc/multiqc_report_plots/pdf/fastqc_sequence_length_distribution_plot.pdf",
                "multiqc/multiqc_report_plots/pdf/fastqc_trimmed-status-check-heatmap.pdf",
                "multiqc/multiqc_report_plots/pdf/fastqc_trimmed_overrepresented_sequences_plot.pdf",
                "multiqc/multiqc_report_plots/pdf/fastqc_trimmed_per_base_n_content_plot.pdf",
                "multiqc/multiqc_report_plots/pdf/fastqc_trimmed_per_base_sequence_quality_plot.pdf",
                "multiqc/multiqc_report_plots/pdf/fastqc_trimmed_per_sequence_gc_content_plot_Counts.pdf",
                "multiqc/multiqc_report_plots/pdf/fastqc_trimmed_per_sequence_gc_content_plot_Percentages.pdf",
                "multiqc/multiqc_report_plots/pdf/fastqc_trimmed_per_sequence_quality_scores_plot.pdf",
                "multiqc/multiqc_report_plots/pdf/fastqc_trimmed_sequence_counts_plot-cnt.pdf",
                "multiqc/multiqc_report_plots/pdf/fastqc_trimmed_sequence_counts_plot-pct.pdf",
                "multiqc/multiqc_report_plots/pdf/fastqc_trimmed_sequence_duplication_levels_plot.pdf",
                "multiqc/multiqc_report_plots/pdf/fastqc_trimmed_top_overrepresented_sequences_table.pdf",
                "multiqc/multiqc_report_plots/pdf/general_stats_table.pdf",
                "multiqc/multiqc_report_plots/pdf/salmon_plot.pdf",
                "multiqc/multiqc_report_plots/png",
                "multiqc/multiqc_report_plots/png/cutadapt_filtered_reads_plot-cnt.png",
                "multiqc/multiqc_report_plots/png/cutadapt_filtered_reads_plot-pct.png",
                "multiqc/multiqc_report_plots/png/cutadapt_trimmed_sequences_plot_3_Counts.png",
                "multiqc/multiqc_report_plots/png/cutadapt_trimmed_sequences_plot_3_Obs_Exp.png",
                "multiqc/multiqc_report_plots/png/fastqc_sequence_length_distribution_plot.png",
                "multiqc/multiqc_report_plots/png/fastqc_trimmed-status-check-heatmap.png",
                "multiqc/multiqc_report_plots/png/fastqc_trimmed_overrepresented_sequences_plot.png",
                "multiqc/multiqc_report_plots/png/fastqc_trimmed_per_base_n_content_plot.png",
                "multiqc/multiqc_report_plots/png/fastqc_trimmed_per_base_sequence_quality_plot.png",
                "multiqc/multiqc_report_plots/png/fastqc_trimmed_per_sequence_gc_content_plot_Counts.png",
                "multiqc/multiqc_report_plots/png/fastqc_trimmed_per_sequence_gc_content_plot_Percentages.png",
                "multiqc/multiqc_report_plots/png/fastqc_trimmed_per_sequence_quality_scores_plot.png",
                "multiqc/multiqc_report_plots/png/fastqc_trimmed_sequence_counts_plot-cnt.png",
                "multiqc/multiqc_report_plots/png/fastqc_trimmed_sequence_counts_plot-pct.png",
                "multiqc/multiqc_report_plots/png/fastqc_trimmed_sequence_duplication_levels_plot.png",
                "multiqc/multiqc_report_plots/png/fastqc_trimmed_top_overrepresented_sequences_table.png",
                "multiqc/multiqc_report_plots/png/general_stats_table.png",
                "multiqc/multiqc_report_plots/png/salmon_plot.png",
                "multiqc/multiqc_report_plots/svg",
                "multiqc/multiqc_report_plots/svg/cutadapt_filtered_reads_plot-cnt.svg",
                "multiqc/multiqc_report_plots/svg/cutadapt_filtered_reads_plot-pct.svg",
                "multiqc/multiqc_report_plots/svg/cutadapt_trimmed_sequences_plot_3_Counts.svg",
                "multiqc/multiqc_report_plots/svg/cutadapt_trimmed_sequences_plot_3_Obs_Exp.svg",
                "multiqc/multiqc_report_plots/svg/fastqc_sequence_length_distribution_plot.svg",
                "multiqc/multiqc_report_plots/svg/fastqc_trimmed-status-check-heatmap.svg",
                "multiqc/multiqc_report_plots/svg/fastqc_trimmed_overrepresented_sequences_plot.svg",
                "multiqc/multiqc_report_plots/svg/fastqc_trimmed_per_base_n_content_plot.svg",
                "multiqc/multiqc_report_plots/svg/fastqc_trimmed_per_base_sequence_quality_plot.svg",
                "multiqc/multiqc_report_plots/svg/fastqc_trimmed_per_sequence_gc_content_plot_Counts.svg",
                "multiqc/multiqc_report_plots/svg/fastqc_trimmed_per_sequence_gc_content_plot_Percentages.svg",
                "multiqc/multiqc_report_plots/svg/fastqc_trimmed_per_sequence_quality_scores_plot.svg",
                "multiqc/multiqc_report_plots/svg/fastqc_trimmed_sequence_counts_plot-cnt.svg",
                "multiqc/multiqc_report_plots/svg/fastqc_trimmed_sequence_counts_plot-pct.svg",
                "multiqc/multiqc_report_plots/svg/fastqc_trimmed_sequence_duplication_levels_plot.svg",
                "multiqc/multiqc_report_plots/svg/fastqc_trimmed_top_overrepresented_sequences_table.svg",
                "multiqc/multiqc_report_plots/svg/general_stats_table.svg",
                "multiqc/multiqc_report_plots/svg/salmon_plot.svg",
                "pipeline_info",
                "pipeline_info/nf_core_rnaseq_software_mqc_versions.yml",
                "salmon",
                "salmon/RAP1_IAA_30M_REP1",
                "salmon/RAP1_IAA_30M_REP1/aux_info",
                "salmon/RAP1_IAA_30M_REP1/aux_info/ambig_info.tsv",
                "salmon/RAP1_IAA_30M_REP1/aux_info/expected_bias.gz",
                "salmon/RAP1_IAA_30M_REP1/aux_info/fld.gz",
                "salmon/RAP1_IAA_30M_REP1/aux_info/meta_info.json",
                "salmon/RAP1_IAA_30M_REP1/aux_info/observed_bias.gz",
                "salmon/RAP1_IAA_30M_REP1/aux_info/observed_bias_3p.gz",
                "salmon/RAP1_IAA_30M_REP1/cmd_info.json",
                "salmon/RAP1_IAA_30M_REP1/libParams",
                "salmon/RAP1_IAA_30M_REP1/libParams/flenDist.txt",
                "salmon/RAP1_IAA_30M_REP1/lib_format_counts.json",
                "salmon/RAP1_IAA_30M_REP1/logs",
                "salmon/RAP1_IAA_30M_REP1/logs/salmon_quant.log",
                "salmon/RAP1_IAA_30M_REP1/quant.genes.sf",
                "salmon/RAP1_IAA_30M_REP1/quant.sf",
                "salmon/RAP1_UNINDUCED_REP1",
                "salmon/RAP1_UNINDUCED_REP1/aux_info",
                "salmon/RAP1_UNINDUCED_REP1/aux_info/ambig_info.tsv",
                "salmon/RAP1_UNINDUCED_REP1/aux_info/expected_bias.gz",
                "salmon/RAP1_UNINDUCED_REP1/aux_info/fld.gz",
                "salmon/RAP1_UNINDUCED_REP1/aux_info/meta_info.json",
                "salmon/RAP1_UNINDUCED_REP1/aux_info/observed_bias.gz",
                "salmon/RAP1_UNINDUCED_REP1/aux_info/observed_bias_3p.gz",
                "salmon/RAP1_UNINDUCED_REP1/cmd_info.json",
                "salmon/RAP1_UNINDUCED_REP1/libParams",
                "salmon/RAP1_UNINDUCED_REP1/libParams/flenDist.txt",
                "salmon/RAP1_UNINDUCED_REP1/lib_format_counts.json",
                "salmon/RAP1_UNINDUCED_REP1/logs",
                "salmon/RAP1_UNINDUCED_REP1/logs/salmon_quant.log",
                "salmon/RAP1_UNINDUCED_REP1/quant.genes.sf",
                "salmon/RAP1_UNINDUCED_REP1/quant.sf",
                "salmon/RAP1_UNINDUCED_REP2",
                "salmon/RAP1_UNINDUCED_REP2/aux_info",
                "salmon/RAP1_UNINDUCED_REP2/aux_info/ambig_info.tsv",
                "salmon/RAP1_UNINDUCED_REP2/aux_info/expected_bias.gz",
                "salmon/RAP1_UNINDUCED_REP2/aux_info/fld.gz",
                "salmon/RAP1_UNINDUCED_REP2/aux_info/meta_info.json",
                "salmon/RAP1_UNINDUCED_REP2/aux_info/observed_bias.gz",
                "salmon/RAP1_UNINDUCED_REP2/aux_info/observed_bias_3p.gz",
                "salmon/RAP1_UNINDUCED_REP2/cmd_info.json",
                "salmon/RAP1_UNINDUCED_REP2/libParams",
                "salmon/RAP1_UNINDUCED_REP2/libParams/flenDist.txt",
                "salmon/RAP1_UNINDUCED_REP2/lib_format_counts.json",
                "salmon/RAP1_UNINDUCED_REP2/logs",
                "salmon/RAP1_UNINDUCED_REP2/logs/salmon_quant.log",
                "salmon/RAP1_UNINDUCED_REP2/quant.genes.sf",
                "salmon/RAP1_UNINDUCED_REP2/quant.sf",
                "salmon/WT_REP1",
                "salmon/WT_REP1/aux_info",
                "salmon/WT_REP1/aux_info/ambig_info.tsv",
                "salmon/WT_REP1/aux_info/expected_bias.gz",
                "salmon/WT_REP1/aux_info/fld.gz",
                "salmon/WT_REP1/aux_info/meta_info.json",
                "salmon/WT_REP1/aux_info/observed_bias.gz",
                "salmon/WT_REP1/aux_info/observed_bias_3p.gz",
                "salmon/WT_REP1/cmd_info.json",
                "salmon/WT_REP1/libParams",
                "salmon/WT_REP1/libParams/flenDist.txt",
                "salmon/WT_REP1/lib_format_counts.json",
                "salmon/WT_REP1/logs",
                "salmon/WT_REP1/logs/salmon_quant.log",
                "salmon/WT_REP1/quant.genes.sf",
                "salmon/WT_REP1/quant.sf",
                "salmon/WT_REP2",
                "salmon/WT_REP2/aux_info",
                "salmon/WT_REP2/aux_info/ambig_info.tsv",
                "salmon/WT_REP2/aux_info/expected_bias.gz",
                "salmon/WT_REP2/aux_info/fld.gz",
                "salmon/WT_REP2/aux_info/meta_info.json",
                "salmon/WT_REP2/aux_info/observed_bias.gz",
                "salmon/WT_REP2/aux_info/observed_bias_3p.gz",
                "salmon/WT_REP2/cmd_info.json",
                "salmon/WT_REP2/libParams",
                "salmon/WT_REP2/libParams/flenDist.txt",
                "salmon/WT_REP2/lib_format_counts.json",
                "salmon/WT_REP2/logs",
                "salmon/WT_REP2/logs/salmon_quant.log",
                "salmon/WT_REP2/quant.genes.sf",
                "salmon/WT_REP2/quant.sf",
                "salmon/salmon.merged.gene_counts.SummarizedExperiment.rds",
                "salmon/salmon.merged.gene_counts.tsv",
                "salmon/salmon.merged.gene_counts_length_scaled.SummarizedExperiment.rds",
                "salmon/salmon.merged.gene_counts_length_scaled.tsv",
                "salmon/salmon.merged.gene_counts_scaled.SummarizedExperiment.rds",
                "salmon/salmon.merged.gene_counts_scaled.tsv",
                "salmon/salmon.merged.gene_lengths.tsv",
                "salmon/salmon.merged.gene_tpm.tsv",
                "salmon/salmon.merged.transcript_counts.SummarizedExperiment.rds",
                "salmon/salmon.merged.transcript_counts.tsv",
                "salmon/salmon.merged.transcript_lengths.tsv",
                "salmon/salmon.merged.transcript_tpm.tsv",
                "salmon/tx2gene.tsv",
                "trimgalore",
                "trimgalore/RAP1_IAA_30M_REP1_trimmed_1.fastq.gz_trimming_report.txt",
                "trimgalore/RAP1_IAA_30M_REP1_trimmed_2.fastq.gz_trimming_report.txt",
                "trimgalore/RAP1_UNINDUCED_REP1_trimmed.fastq.gz_trimming_report.txt",
                "trimgalore/RAP1_UNINDUCED_REP2_trimmed.fastq.gz_trimming_report.txt",
                "trimgalore/WT_REP1_trimmed_1.fastq.gz_trimming_report.txt",
                "trimgalore/WT_REP1_trimmed_2.fastq.gz_trimming_report.txt",
                "trimgalore/WT_REP2_trimmed_1.fastq.gz_trimming_report.txt",
                "trimgalore/WT_REP2_trimmed_2.fastq.gz_trimming_report.txt"
            ],
            [
                "genome_gfp.fasta:md5,e23e302af63736a199985a169fdac055",
                "genome_gfp.gtf:md5,c98b12c302f15731bfc36bcf297cfe28",
                "cutadapt_filtered_reads_plot.txt:md5,6fa381627f7c1f664f3d4b2cb79cce90",
                "cutadapt_trimmed_sequences_plot_3_Counts.txt:md5,13dfa866fd91dbb072689efe9aa83b1f",
                "cutadapt_trimmed_sequences_plot_3_Obs_Exp.txt:md5,07145dd8dd3db654859b18eb0389046c",
                "fastqc_sequence_length_distribution_plot.txt:md5,6fe2c985606abad947bcca99b015ae33",
                "fastqc_trimmed-status-check-heatmap.txt:md5,22a03548736b88b23be6bc0c9ef1b4a6",
                "fastqc_trimmed_overrepresented_sequences_plot.txt:md5,c755e9d044ea1a82b2c8edde867b4878",
                "fastqc_trimmed_per_base_n_content_plot.txt:md5,418610c1ce119cb786ad434db75d366e",
                "fastqc_trimmed_per_base_sequence_quality_plot.txt:md5,bd22e06e41c096ad4f745d40fe96a1e5",
                "fastqc_trimmed_per_sequence_gc_content_plot_Counts.txt:md5,004c60768ceb6197765154e3eaa37b7a",
                "fastqc_trimmed_per_sequence_gc_content_plot_Percentages.txt:md5,95d29060b687f745288ad1ec47750037",
                "fastqc_trimmed_per_sequence_quality_scores_plot.txt:md5,0f9834cc19f76dd5c87cf8cba7435a7c",
                "fastqc_trimmed_sequence_counts_plot.txt:md5,9fd642bdd1da354f296bb8092205608f",
                "fastqc_trimmed_sequence_duplication_levels_plot.txt:md5,0758257b497283b1ef28171e694db6db",
                "multiqc_citations.txt:md5,f789abe663d4b4214f0ddeb413a7f150",
                "multiqc_cutadapt.txt:md5,583b7b9ba76b26162bb9610ed746454b",
                "multiqc_fastqc_fastqc_trimmed.txt:md5,54743154d0e8858980acffeb5b6f6a97",
                "ambig_info.tsv:md5,de973a4b22a4457217ae3dc04caf9401",
                "expected_bias.gz:md5,3407f87245d0003e0ffbfdf6d8c04f20",
                "observed_bias.gz:md5,92bcd0592d22a6a58d0360fc76103e56",
                "observed_bias_3p.gz:md5,92bcd0592d22a6a58d0360fc76103e56",
                "cmd_info.json:md5,138b27764a97d468418b3dac5e7f1cef",
                "lib_format_counts.json:md5,c24ffe28d70476b5ccdd8bc2d22c0ac1",
                "ambig_info.tsv:md5,45f252b4f0e11e6730cf0c29f800fdbb",
                "expected_bias.gz:md5,3407f87245d0003e0ffbfdf6d8c04f20",
                "observed_bias.gz:md5,92bcd0592d22a6a58d0360fc76103e56",
                "observed_bias_3p.gz:md5,92bcd0592d22a6a58d0360fc76103e56",
                "cmd_info.json:md5,87bcf1e84fc31a794e3c8f8b227d11c3",
                "lib_format_counts.json:md5,f6d44c0221f7fd559f11a9afe04c9935",
                "ambig_info.tsv:md5,6dcc2891ea572e9b8d1ba52cd434ab84",
                "expected_bias.gz:md5,3407f87245d0003e0ffbfdf6d8c04f20",
                "observed_bias.gz:md5,92bcd0592d22a6a58d0360fc76103e56",
                "observed_bias_3p.gz:md5,92bcd0592d22a6a58d0360fc76103e56",
                "cmd_info.json:md5,ec504469f9b0e33c94f85846f1486d7f",
                "lib_format_counts.json:md5,7c562bf2f70e42f3a7292687dfd328c3",
                "ambig_info.tsv:md5,194f574e0586416155e3f33d42e2b167",
                "expected_bias.gz:md5,3407f87245d0003e0ffbfdf6d8c04f20",
                "observed_bias.gz:md5,92bcd0592d22a6a58d0360fc76103e56",
                "observed_bias_3p.gz:md5,92bcd0592d22a6a58d0360fc76103e56",
                "cmd_info.json:md5,591436d401b6df6f3c6a8b16913158f4",
                "lib_format_counts.json:md5,d46250bb3677d72feeefc435fe6395a6",
                "ambig_info.tsv:md5,a26e3f936e65d7da66392603c2f91f6f",
                "expected_bias.gz:md5,3407f87245d0003e0ffbfdf6d8c04f20",
                "observed_bias.gz:md5,92bcd0592d22a6a58d0360fc76103e56",
                "observed_bias_3p.gz:md5,92bcd0592d22a6a58d0360fc76103e56",
                "cmd_info.json:md5,fe66c9d876645b9260d8c2488157d4d4",
                "lib_format_counts.json:md5,088fd51db07022ffde47033bbd029400",
                "tx2gene.tsv:md5,0e2418a69d2eba45097ebffc2f700bfe"
            ]
        ],
        "meta": {
            "nf-test": "0.9.0",
            "nextflow": "24.04.4"
        },
        "timestamp": "2024-10-23T11:41:47.859384178"
    },
    "Params: --pseudo_aligner salmon --skip_qc --skip_alignment - stub": {
        "content": [
            16,
            {
                "BBMAP_BBSPLIT": {
                    "bbmap": 39.1
                },
                "CAT_FASTQ": {
                    "cat": 9.5
                },
                "CUSTOM_CATADDITIONALFASTA": {
                    "python": null
                },
                "CUSTOM_GETCHROMSIZES": {
                    "getchromsizes": 1.21
                },
                "GTF2BED": {
                    "perl": "5.26.2"
                },
                "GTF_FILTER": {
                    "python": "3.9.5"
                },
                "GUNZIP_ADDITIONAL_FASTA": {
                    "gunzip": 1.1
                },
                "GUNZIP_GTF": {
                    "gunzip": 1.1
                },
                "TRIMGALORE": {
                    "trimgalore": "0.6.10",
                    "cutadapt": 4.9
                },
                "UNTAR_SALMON_INDEX": {
                    "untar": 1.34
                },
                "Workflow": {
                    "nf-core/rnaseq": "v3.17.0"
                }
            },
            [
                "custom",
                "custom/out",
                "custom/out/genome_transcriptome.fasta",
                "custom/out/genome_transcriptome.gtf",
                "fastqc",
                "fastqc/trim",
                "multiqc",
                "multiqc/multiqc_data",
                "multiqc/multiqc_plots",
                "multiqc/multiqc_report.html",
                "pipeline_info",
                "pipeline_info/nf_core_rnaseq_software_mqc_versions.yml",
                "trimgalore",
                "trimgalore/RAP1_IAA_30M_REP1_trimmed_1.fastq.gz_trimming_report.txt",
                "trimgalore/RAP1_IAA_30M_REP1_trimmed_2.fastq.gz_trimming_report.txt",
                "trimgalore/RAP1_UNINDUCED_REP1_trimmed.fastq.gz_trimming_report.txt",
                "trimgalore/RAP1_UNINDUCED_REP2_trimmed.fastq.gz_trimming_report.txt",
                "trimgalore/WT_REP1_trimmed_1.fastq.gz_trimming_report.txt",
                "trimgalore/WT_REP1_trimmed_2.fastq.gz_trimming_report.txt",
                "trimgalore/WT_REP2_trimmed_1.fastq.gz_trimming_report.txt",
                "trimgalore/WT_REP2_trimmed_2.fastq.gz_trimming_report.txt"
            ],
            [
                "genome_transcriptome.fasta:md5,d41d8cd98f00b204e9800998ecf8427e",
                "genome_transcriptome.gtf:md5,d41d8cd98f00b204e9800998ecf8427e"
            ]
        ],
        "meta": {
            "nf-test": "0.9.0",
            "nextflow": "24.04.4"
        },
        "timestamp": "2024-10-23T11:42:36.34114827"
    }
}